bin/audio/audio.c: In function ‘suona_wav’:
bin/audio/audio.c:750:14: warning: cast to pointer from integer of different size [-Wint-to-pointer-cast]
  750 |     anello = (AudioAnello *)z.virt;
      |              ^
bin/audio/audio.c:751:14: warning: cast to pointer from integer of different size [-Wint-to-pointer-cast]
  751 |     dati   = (unsigned char *)z.virt + anello->dati_off;
      |              ^
bin/audio/audio.c:790:16: warning: cast to pointer from integer of different size [-Wint-to-pointer-cast]
  790 |     shm_chiudi((void *)z.virt);
      |                ^
bin/audio/audio.c: In function ‘suona_mp3’:
bin/audio/audio.c:848:14: warning: cast to pointer from integer of different size [-Wint-to-pointer-cast]
  848 |     anello = (AudioAnello *)z.virt;
      |              ^
bin/audio/audio.c:849:14: warning: cast to pointer from integer of different size [-Wint-to-pointer-cast]
  849 |     dati   = (unsigned char *)z.virt + anello->dati_off;
      |              ^
bin/audio/audio.c:882:16: warning: cast to pointer from integer of different size [-Wint-to-pointer-cast]
  882 |     shm_chiudi((void *)z.virt);
      |                ^
