drivers/sis/sis_2d.c: In function ‘sis2d_diagnosi’:
drivers/sis/sis_2d.c:420:9: warning: cast to pointer from integer of different size [-Wint-to-pointer-cast]
  420 |     a = (volatile unsigned int *)m.virt;
      |         ^
drivers/sis/sis_2d.c:442:9: warning: cast to pointer from integer of different size [-Wint-to-pointer-cast]
  442 |     a = (volatile unsigned int *)m.virt;
      |         ^
drivers/sis/sis_2d.c:443:37: warning: cast to pointer from integer of different size [-Wint-to-pointer-cast]
  443 |     printf("       mappata a %p\n", (void *)m.virt);
      |                                     ^
drivers/sis/sis_2d.c:747:30: warning: cast to pointer from integer of different size [-Wint-to-pointer-cast]
  747 |                         p  = (volatile unsigned int *)n.virt;
      |                              ^
drivers/sis/sis_2d.c:805:19: warning: cast to pointer from integer of different size [-Wint-to-pointer-cast]
  805 |             al  = (volatile unsigned int *)z.virt;
      |                   ^
drivers/sis/sis_2d.c:862:29: warning: cast to pointer from integer of different size [-Wint-to-pointer-cast]
  862 |                         p = (volatile unsigned int *)z.virt;
      |                             ^
drivers/sis/sis_2d.c: In function ‘sis2d_apri’:
drivers/sis/sis_2d.c:1277:14: warning: cast to pointer from integer of different size [-Wint-to-pointer-cast]
 1277 |     g_mmio = (volatile unsigned char *)m.virt;
      |              ^
drivers/sis/sis_2d.c:1310:25: warning: cast to pointer from integer of different size [-Wint-to-pointer-cast]
 1310 |                bar_reg, (void *)m.virt, bar_fb);
      |                         ^
drivers/sis/sis_2d.c: In function ‘sis2d_accendi’:
drivers/sis/sis_2d.c:1707:9: warning: cast to pointer from integer of different size [-Wint-to-pointer-cast]
 1707 |     a = (volatile unsigned int *)m.virt;
      |         ^
drivers/sis/sis_2d.c: In function ‘apri_finestra’:
drivers/sis/sis_2d.c:1849:12: warning: cast to pointer from integer of different size [-Wint-to-pointer-cast]
 1849 |     return (volatile unsigned int *)m.virt;
      |            ^
