drivers/wserver/wserver.c: In function ‘disegna_finestra’:
drivers/wserver/wserver.c:1110:11: warning: cast to pointer from integer of different size [-Wint-to-pointer-cast]
 1110 |     src = (const unsigned int *)f->zona_virt;
      |           ^
drivers/wserver/wserver.c: In function ‘crea’:
drivers/wserver/wserver.c:2342:27: warning: cast to pointer from integer of different size [-Wint-to-pointer-cast]
 2342 |         unsigned int *p = (unsigned int *)z.virt;
      |                           ^
drivers/wserver/wserver.c: In function ‘ridimensiona’:
drivers/wserver/wserver.c:2437:15: warning: cast to pointer from integer of different size [-Wint-to-pointer-cast]
 2437 |     nuovo   = (unsigned int *)z.virt;
      |               ^
drivers/wserver/wserver.c:2438:15: warning: cast to pointer from integer of different size [-Wint-to-pointer-cast]
 2438 |     vecchio = (unsigned int *)f->zona_virt;
      |               ^
drivers/wserver/wserver.c:2456:34: warning: cast to pointer from integer of different size [-Wint-to-pointer-cast]
 2456 |     if (f->zona_virt) shm_chiudi((void *)f->zona_virt);
      |                                  ^
drivers/wserver/wserver.c: In function ‘distruggi’:
drivers/wserver/wserver.c:2546:42: warning: cast to pointer from integer of different size [-Wint-to-pointer-cast]
 2546 |     if (g_fin[idx].zona_virt) shm_chiudi((void *)g_fin[idx].zona_virt);
      |                                          ^
