/versione.txt
  finito /versione.txt: 297 byte
/versione.txt
  finito /versione.txt: 297 byte
/catalogo.txt
  finito /catalogo.txt: 8041 byte
/elenco.txt
  finito /elenco.txt: 205103 byte
/file/boot/kernel.bin
  finito /file/boot/kernel.bin: 303236 byte
/file/doc/README.en.md
  finito /file/doc/README.en.md: 358931 byte
/file/doc/README.md
  finito /file/doc/README.md: 366726 byte
/file/doc/manuali/installazione/03-dalla-rete.md
  finito /file/doc/manuali/installazione/03-dalla-rete.md: 4749 byte
/file/exwin/bin/pm
  finito /file/exwin/bin/pm: 60424 byte
/file/exwin/doc/exwin.html
  finito /file/exwin/doc/exwin.html: 21673 byte
/file/exwin/lib/applicazioni.txt
  finito /file/exwin/lib/applicazioni.txt: 4195 byte
/versione.txt
  finito /versione.txt: 297 byte
/catalogo.txt
  finito /catalogo.txt: 8041 byte
/elenco.txt
  finito /elenco.txt: 205103 byte
/pacchetti/exilla.txt
  finito /pacchetti/exilla.txt: 1426 byte
/file/exwin/app/exilla/application.ini
  finito /file/exwin/app/exilla/application.ini: 448 byte
/file/exwin/app/exilla/browser/omni.ja.p000
  finito /file/exwin/app/exilla/browser/omni.ja.p000: 16777216 byte
/file/exwin/app/exilla/browser/omni.ja.p001
  finito /file/exwin/app/exilla/browser/omni.ja.p001: 16777216 byte
/file/exwin/app/exilla/browser/omni.ja.p002
  finito /file/exwin/app/exilla/browser/omni.ja.p002: 16777216 byte
/file/exwin/app/exilla/browser/omni.ja.p003
  finito /file/exwin/app/exilla/browser/omni.ja.p003: 5496001 byte
/file/exwin/app/exilla/defaults/pref/channel-prefs.js
  finito /file/exwin/app/exilla/defaults/pref/channel-prefs.js: 429 byte
/file/exwin/app/exilla/dependentlibs.list
  finito /file/exwin/app/exilla/dependentlibs.list: 0 byte
/file/exwin/app/exilla/exilla
  finito /file/exwin/app/exilla/exilla: 19440 byte
/file/exwin/app/exilla/exilla_128.ico
  finito /file/exwin/app/exilla/exilla_128.ico: 65598 byte
/file/exwin/app/exilla/exilla_64.ico
  finito /file/exwin/app/exilla/exilla_64.ico: 16446 byte
/file/exwin/app/exilla/firefox.p000
  finito /file/exwin/app/exilla/firefox.p000: 16777216 byte
/file/exwin/app/exilla/firefox.p001
  finito /file/exwin/app/exilla/firefox.p001: 16777216 byte
/file/exwin/app/exilla/firefox.p002
  finito /file/exwin/app/exilla/firefox.p002: 16777216 byte
/file/exwin/app/exilla/firefox.p003
  finito /file/exwin/app/exilla/firefox.p003: 16777216 byte
/file/exwin/app/exilla/firefox.p004
  finito /file/exwin/app/exilla/firefox.p004: 16777216 byte
/file/exwin/app/exilla/firefox.p005
  finito /file/exwin/app/exilla/firefox.p005: 16777216 byte
/file/exwin/app/exilla/firefox.p006
  finito /file/exwin/app/exilla/firefox.p006: 16777216 byte
/file/exwin/app/exilla/firefox.p007
  finito /file/exwin/app/exilla/firefox.p007: 16777216 byte
/file/exwin/app/exilla/firefox.p008
  finito /file/exwin/app/exilla/firefox.p008: 16777216 byte
/file/exwin/app/exilla/firefox.p009
  finito /file/exwin/app/exilla/firefox.p009: 16777216 byte
/file/exwin/app/exilla/firefox.p010
  finito /file/exwin/app/exilla/firefox.p010: 16777216 byte
/file/exwin/app/exilla/firefox.p011
  finito /file/exwin/app/exilla/firefox.p011: 7892692 byte
/file/exwin/app/exilla/omni.ja.p000
  finito /file/exwin/app/exilla/omni.ja.p000: 16777216 byte
/file/exwin/app/exilla/omni.ja.p001
  finito /file/exwin/app/exilla/omni.ja.p001: 16777216 byte
/file/exwin/app/exilla/omni.ja.p002
  finito /file/exwin/app/exilla/omni.ja.p002: 16777216 byte
/file/exwin/app/exilla/omni.ja.p003
  finito /file/exwin/app/exilla/omni.ja.p003: 261920 byte
/file/exwin/app/exilla/platform.ini
  finito /file/exwin/app/exilla/platform.ini: 49 byte
/file/exwin/app/exilla/precomplete
  finito /file/exwin/app/exilla/precomplete: 277 byte
/file/exwin/app/exilla/removed-files
  finito /file/exwin/app/exilla/removed-files: 16 byte
/versione.txt
  finito /versione.txt: 314 byte
/catalogo.txt
  finito /catalogo.txt: 8041 byte
/elenco.txt
  finito /elenco.txt: 205103 byte
/file/bin/netupdate
  finito /file/bin/netupdate: 75292 byte
/file/doc/README.en.md
  finito /file/doc/README.en.md: 359482 byte
/file/doc/README.md
  finito /file/doc/README.md: 367303 byte
/file/exwin/doc/exwin.html
  finito /file/exwin/doc/exwin.html: 22329 byte
/file/exwin/lib/applicazioni.txt
  finito /file/exwin/lib/applicazioni.txt: 4195 byte
/versione.txt
  finito /versione.txt: 314 byte
/catalogo.txt
  finito /catalogo.txt: 8041 byte
/elenco.txt
  finito /elenco.txt: 205103 byte
/versione.txt
  finito /versione.txt: 316 byte
/versione.txt
  finito /versione.txt: 316 byte
